[36m-_____                  ,  ,,               ,, ,,            
  ' | -,               ||  ||           _   || ||            
 /| |  |`  _-_  -_-_  =||= ||/\\  _-_  < \, || ||  _-_  ,._-_
 || |==|| || \\ || \\  ||  || || ||    /-|| || || || \\  ||  
~|| |  |, ||/   || ||  ||  || || ||   (( || || || ||/    ||  
 ~-____,  \\,/  ||-'   \\, \\ |/ \\,/  \/\\ \\ \\ \\,/   \\, 
(               |/           _/                              
                '[0m                     Depthcaller v0.1
